node : 
file:///D:/PROJECT%20SECTION/medical-shop-management/backend/test-db.js:1
At line:1 char:59
+ ... -management\backend" ; node test-db.js > test-output.txt 2>&1 ; type  ...
+                            ~~~~~~~~~~~~~~~~~~~~~~~~~~~~~~~~~~~~~~
    + CategoryInfo          : NotSpecified: (file:///D:/PROJ...nd/test-db.js:1 
   :String) [], RemoteException
    + FullyQualifiedErrorId : NativeCommandError
 
const mongoose = require('mongoose');
                 ^

ReferenceError: require is not defined in ES module scope, you can use import 
instead
This file is being treated as an ES module because it has a '.js' file 
extension and 'D:\PROJECT 
SECTION\medical-shop-management\backend\package.json' contains "type": 
"module". To treat it as a CommonJS script, rename it to use the '.cjs' file 
extension.
    at 
file:///D:/PROJECT%20SECTION/medical-shop-management/backend/test-db.js:1:18
    at ModuleJob.run (node:internal/modules/esm/module_job:271:25)
    at async onImport.tracePromise.__proto__ 
(node:internal/modules/esm/loader:578:26)
    at async asyncRunEntryPointWithESMLoader 
(node:internal/modules/run_main:116:5)

Node.js v22.14.0
